// Jest Snapshot v1, https://goo.gl/fbAQLP

exports[`Card should match the snapshot 1`] = `"<div class=\\"Card\\"><svg width=\\"2rem\\" enable-background=\\"new 0 0 426.667 426.667\\" viewBox=\\"0 0 426.667 426.667\\"><path d=\\"m213.333 10.441 65.916 133.576 147.418  21.419-106.667 103.974 25.173  146.816-131.84-69.316-131.848 69.316  25.182-146.816-106.667-103.974 147.409-21.419z\\"></path></svg><ul></ul></div>"`;

exports[`Card should match the snapshot with a fact 1`] = `"<div class=\\"Card\\"><svg width=\\"2rem\\" enable-background=\\"new 0 0 426.667 426.667\\" viewBox=\\"0 0 426.667 426.667\\"><path d=\\"m213.333 10.441 65.916 133.576 147.418  21.419-106.667 103.974 25.173  146.816-131.84-69.316-131.848 69.316  25.182-146.816-106.667-103.974 147.409-21.419z\\" fill=\\"#f2f2f2\\"></path></svg><ul><li>name: test</li></ul></div>"`;

exports[`Card should match the snapshot with multiple facts 1`] = `"<div class=\\"Card\\"><svg width=\\"2rem\\" enable-background=\\"new 0 0 426.667 426.667\\" viewBox=\\"0 0 426.667 426.667\\"><path d=\\"m213.333 10.441 65.916 133.576 147.418  21.419-106.667 103.974 25.173  146.816-131.84-69.316-131.848 69.316  25.182-146.816-106.667-103.974 147.409-21.419z\\" fill=\\"#f2f2f2\\"></path></svg><ul><li>name: test1</li><li>origin: the matrix</li></ul></div>"`;
