// Jest Snapshot v1, https://goo.gl/fbAQLP

exports[`Favorites should match snapshot if number of favorites changes 1`] = `undefined`;

exports[`Favorites should match the snapshot 1`] = `undefined`;
