// Jest Snapshot v1, https://goo.gl/fbAQLP

exports[`Categories should match snapshot 1`] = `
ShallowWrapper {
  Symbol(enzyme.__root__): [Circular],
  Symbol(enzyme.__unrendered__): <Categories
    categories={
        Array [
            "word",
            "up",
            "money",
          ]
    }
    selectCategory={[Function]}
/>,
  Symbol(enzyme.__renderer__): Object {
    "batchedUpdates": [Function],
    "getNode": [Function],
    "render": [Function],
    "simulateEvent": [Function],
    "unmount": [Function],
  },
  Symbol(enzyme.__node__): Object {
    "instance": null,
    "key": undefined,
    "nodeType": "host",
    "props": Object {
      "children": Array [
        <button
          className="btn "
          name="word"
          onClick={[Function]}
>
          word
</button>,
        <button
          className="btn "
          name="up"
          onClick={[Function]}
>
          up
</button>,
        <button
          className="btn "
          name="money"
          onClick={[Function]}
>
          money
</button>,
      ],
      "className": "nav",
    },
    "ref": null,
    "rendered": Array [
      Object {
        "instance": null,
        "key": "0",
        "nodeType": "host",
        "props": Object {
          "children": "word",
          "className": "btn ",
          "name": "word",
          "onClick": [Function],
        },
        "ref": null,
        "rendered": "word",
        "type": "button",
      },
      Object {
        "instance": null,
        "key": "1",
        "nodeType": "host",
        "props": Object {
          "children": "up",
          "className": "btn ",
          "name": "up",
          "onClick": [Function],
        },
        "ref": null,
        "rendered": "up",
        "type": "button",
      },
      Object {
        "instance": null,
        "key": "2",
        "nodeType": "host",
        "props": Object {
          "children": "money",
          "className": "btn ",
          "name": "money",
          "onClick": [Function],
        },
        "ref": null,
        "rendered": "money",
        "type": "button",
      },
    ],
    "type": "nav",
  },
  Symbol(enzyme.__nodes__): Array [
    Object {
      "instance": null,
      "key": undefined,
      "nodeType": "host",
      "props": Object {
        "children": Array [
          <button
            className="btn "
            name="word"
            onClick={[Function]}
>
            word
</button>,
          <button
            className="btn "
            name="up"
            onClick={[Function]}
>
            up
</button>,
          <button
            className="btn "
            name="money"
            onClick={[Function]}
>
            money
</button>,
        ],
        "className": "nav",
      },
      "ref": null,
      "rendered": Array [
        Object {
          "instance": null,
          "key": "0",
          "nodeType": "host",
          "props": Object {
            "children": "word",
            "className": "btn ",
            "name": "word",
            "onClick": [Function],
          },
          "ref": null,
          "rendered": "word",
          "type": "button",
        },
        Object {
          "instance": null,
          "key": "1",
          "nodeType": "host",
          "props": Object {
            "children": "up",
            "className": "btn ",
            "name": "up",
            "onClick": [Function],
          },
          "ref": null,
          "rendered": "up",
          "type": "button",
        },
        Object {
          "instance": null,
          "key": "2",
          "nodeType": "host",
          "props": Object {
            "children": "money",
            "className": "btn ",
            "name": "money",
            "onClick": [Function],
          },
          "ref": null,
          "rendered": "money",
          "type": "button",
        },
      ],
      "type": "nav",
    },
  ],
  Symbol(enzyme.__options__): Object {
    "adapter": ReactSixteenAdapter {
      "options": Object {
        "enableComponentDidUpdateOnSetState": true,
        "lifecycles": Object {
          "componentDidUpdate": Object {
            "onSetState": true,
          },
          "getSnapshotBeforeUpdate": true,
        },
      },
    },
    "attachTo": undefined,
    "hydrateIn": undefined,
  },
}
`;

exports[`Categories should match snapshot with multiple categories 1`] = `
ShallowWrapper {
  Symbol(enzyme.__root__): [Circular],
  Symbol(enzyme.__unrendered__): <Categories
    categories={
        Array [
            "word",
            "up",
            "money",
          ]
    }
    selectCategory={[Function]}
/>,
  Symbol(enzyme.__renderer__): Object {
    "batchedUpdates": [Function],
    "getNode": [Function],
    "render": [Function],
    "simulateEvent": [Function],
    "unmount": [Function],
  },
  Symbol(enzyme.__node__): Object {
    "instance": null,
    "key": undefined,
    "nodeType": "host",
    "props": Object {
      "children": Array [
        <button
          className="btn "
          name="word"
          onClick={[Function]}
>
          word
</button>,
        <button
          className="btn "
          name="up"
          onClick={[Function]}
>
          up
</button>,
        <button
          className="btn "
          name="money"
          onClick={[Function]}
>
          money
</button>,
      ],
      "className": "nav",
    },
    "ref": null,
    "rendered": Array [
      Object {
        "instance": null,
        "key": "0",
        "nodeType": "host",
        "props": Object {
          "children": "word",
          "className": "btn ",
          "name": "word",
          "onClick": [Function],
        },
        "ref": null,
        "rendered": "word",
        "type": "button",
      },
      Object {
        "instance": null,
        "key": "1",
        "nodeType": "host",
        "props": Object {
          "children": "up",
          "className": "btn ",
          "name": "up",
          "onClick": [Function],
        },
        "ref": null,
        "rendered": "up",
        "type": "button",
      },
      Object {
        "instance": null,
        "key": "2",
        "nodeType": "host",
        "props": Object {
          "children": "money",
          "className": "btn ",
          "name": "money",
          "onClick": [Function],
        },
        "ref": null,
        "rendered": "money",
        "type": "button",
      },
    ],
    "type": "nav",
  },
  Symbol(enzyme.__nodes__): Array [
    Object {
      "instance": null,
      "key": undefined,
      "nodeType": "host",
      "props": Object {
        "children": Array [
          <button
            className="btn "
            name="word"
            onClick={[Function]}
>
            word
</button>,
          <button
            className="btn "
            name="up"
            onClick={[Function]}
>
            up
</button>,
          <button
            className="btn "
            name="money"
            onClick={[Function]}
>
            money
</button>,
        ],
        "className": "nav",
      },
      "ref": null,
      "rendered": Array [
        Object {
          "instance": null,
          "key": "0",
          "nodeType": "host",
          "props": Object {
            "children": "word",
            "className": "btn ",
            "name": "word",
            "onClick": [Function],
          },
          "ref": null,
          "rendered": "word",
          "type": "button",
        },
        Object {
          "instance": null,
          "key": "1",
          "nodeType": "host",
          "props": Object {
            "children": "up",
            "className": "btn ",
            "name": "up",
            "onClick": [Function],
          },
          "ref": null,
          "rendered": "up",
          "type": "button",
        },
        Object {
          "instance": null,
          "key": "2",
          "nodeType": "host",
          "props": Object {
            "children": "money",
            "className": "btn ",
            "name": "money",
            "onClick": [Function],
          },
          "ref": null,
          "rendered": "money",
          "type": "button",
        },
      ],
      "type": "nav",
    },
  ],
  Symbol(enzyme.__options__): Object {
    "adapter": ReactSixteenAdapter {
      "options": Object {
        "enableComponentDidUpdateOnSetState": true,
        "lifecycles": Object {
          "componentDidUpdate": Object {
            "onSetState": true,
          },
          "getSnapshotBeforeUpdate": true,
        },
      },
    },
    "attachTo": undefined,
    "hydrateIn": undefined,
  },
}
`;

exports[`Categories should match snapshot with one category 1`] = `
ShallowWrapper {
  Symbol(enzyme.__root__): [Circular],
  Symbol(enzyme.__unrendered__): <Categories
    categories={
        Array [
            "word",
            "up",
            "money",
          ]
    }
    selectCategory={[Function]}
/>,
  Symbol(enzyme.__renderer__): Object {
    "batchedUpdates": [Function],
    "getNode": [Function],
    "render": [Function],
    "simulateEvent": [Function],
    "unmount": [Function],
  },
  Symbol(enzyme.__node__): Object {
    "instance": null,
    "key": undefined,
    "nodeType": "host",
    "props": Object {
      "children": Array [
        <button
          className="btn "
          name="word"
          onClick={[Function]}
>
          word
</button>,
        <button
          className="btn "
          name="up"
          onClick={[Function]}
>
          up
</button>,
        <button
          className="btn "
          name="money"
          onClick={[Function]}
>
          money
</button>,
      ],
      "className": "nav",
    },
    "ref": null,
    "rendered": Array [
      Object {
        "instance": null,
        "key": "0",
        "nodeType": "host",
        "props": Object {
          "children": "word",
          "className": "btn ",
          "name": "word",
          "onClick": [Function],
        },
        "ref": null,
        "rendered": "word",
        "type": "button",
      },
      Object {
        "instance": null,
        "key": "1",
        "nodeType": "host",
        "props": Object {
          "children": "up",
          "className": "btn ",
          "name": "up",
          "onClick": [Function],
        },
        "ref": null,
        "rendered": "up",
        "type": "button",
      },
      Object {
        "instance": null,
        "key": "2",
        "nodeType": "host",
        "props": Object {
          "children": "money",
          "className": "btn ",
          "name": "money",
          "onClick": [Function],
        },
        "ref": null,
        "rendered": "money",
        "type": "button",
      },
    ],
    "type": "nav",
  },
  Symbol(enzyme.__nodes__): Array [
    Object {
      "instance": null,
      "key": undefined,
      "nodeType": "host",
      "props": Object {
        "children": Array [
          <button
            className="btn "
            name="word"
            onClick={[Function]}
>
            word
</button>,
          <button
            className="btn "
            name="up"
            onClick={[Function]}
>
            up
</button>,
          <button
            className="btn "
            name="money"
            onClick={[Function]}
>
            money
</button>,
        ],
        "className": "nav",
      },
      "ref": null,
      "rendered": Array [
        Object {
          "instance": null,
          "key": "0",
          "nodeType": "host",
          "props": Object {
            "children": "word",
            "className": "btn ",
            "name": "word",
            "onClick": [Function],
          },
          "ref": null,
          "rendered": "word",
          "type": "button",
        },
        Object {
          "instance": null,
          "key": "1",
          "nodeType": "host",
          "props": Object {
            "children": "up",
            "className": "btn ",
            "name": "up",
            "onClick": [Function],
          },
          "ref": null,
          "rendered": "up",
          "type": "button",
        },
        Object {
          "instance": null,
          "key": "2",
          "nodeType": "host",
          "props": Object {
            "children": "money",
            "className": "btn ",
            "name": "money",
            "onClick": [Function],
          },
          "ref": null,
          "rendered": "money",
          "type": "button",
        },
      ],
      "type": "nav",
    },
  ],
  Symbol(enzyme.__options__): Object {
    "adapter": ReactSixteenAdapter {
      "options": Object {
        "enableComponentDidUpdateOnSetState": true,
        "lifecycles": Object {
          "componentDidUpdate": Object {
            "onSetState": true,
          },
          "getSnapshotBeforeUpdate": true,
        },
      },
    },
    "attachTo": undefined,
    "hydrateIn": undefined,
  },
}
`;
