// Jest Snapshot v1, https://goo.gl/fbAQLP

exports[`App should match snapshot 1`] = `"<div class=\\"App\\"><div class=\\"show-loading\\">Loading...</div><section class=\\"crawler-container\\"><div class=\\"crawler\\"></div></section><header><img src=\\"logo.png\\"/><nav class=\\"nav\\"><button name=\\"people\\" class=\\"people btn \\">people</button><button name=\\"planets\\" class=\\"planets btn \\">planets</button><button name=\\"vehicles\\" class=\\"vehicles btn \\">vehicles</button></nav><button>View Favorites: 0</button></header><main><section></section></main></div>"`;
